Script started on 2020-10-20 22:43:21-06:00 [TERM="xterm" TTY="/dev/pty0" COLUMNS="134" LINES="71"]
]0;~/CPSC355/ProjectPart1
[32mabojo@ROYPC [33m~/CPSC355/ProjectPart1[0m
$ gcc bomberman.c - [Ko game.o
]0;~/CPSC355/ProjectPart1
[32mabojo@ROYPC [33m~/CPSC355/ProjectPart1[0m
$ ./game.o
Your arguments were invalid
Please enter valid arguments
	Fare well
]0;~/CPSC355/ProjectPart1
[32mabojo@ROYPC [33m~/CPSC355/ProjectPart1[0m
$ ./game.o johnAbo 10 5
Please enter a valid size
	Fare well
]0;~/CPSC355/ProjectPart1
[32mabojo@ROYPC [33m~/CPSC355/ProjectPart1[0m
$ ./game.o johnAbo 10 5[K10
How many top scores would you like to see?
(Enter 0 if you do not want to see): 3
Place 1: 445.35 JohnA   5
 Place 2: 391.91 JohnA   3
 Place 3: 390.70 John   5

 
	Creating random Board... 

There are 45.000000 percent negatives

Displaying table:
 -7.47  25.00   0.39 -13.09  -1.12  -7.30 -12.94 -11.57  25.00  13.18 
 12.18   0.00 -12.76  10.02  10.60   0.97  25.00 -12.09  -7.24  20.00 
-14.35  -5.94  -7.83  25.00 -10.88   0.00   0.00  -0.72   9.35  25.00 
 -2.70  -9.53  25.00   0.00  -4.19  13.77  -2.61   8.11   0.00  -2.80 
-10.56   5.09   0.00   0.73  25.00   3.55   8.91  -1.74  -3.87   9.21 
  9.84  11.20   8.28   3.58   6.35  -9.72   7.65 -10.11   0.00 -13.25 
  3.19  14.35   0.24  -1.15   0.00   1.35  -2.18   0.00   0.00  13.62 
 -1.34  -4.66 -14.92  -3.09   5.25  10.17  11.62  -2.14   8.01 -14.69 
  7.24 -10.06 -11.29  25.00   1.39 -14.35 -14.57   1.77  -8.89   4.29 
 -8.43  -7.98  -9.53 -14.94  25.00 -14.35  13.07  -7.38 -13.19   0.00 

Displaying table:
X X X X X X X X X X 
X X X X X X X X X X 
X X X X X X X X X X 
X X X X X X X X X X 
X X X X X X X X X X 
X X X X X X X X X X 
X X X X X X X X X X 
X X X X X X X X X X 
X X X X X X X X X X 
X X X X X X X X X X 

Player name: johnAbo
SCORE: 0.000000
LIVES: 3
BOMBS: 3
LEVEL: 1

Enter any non-integer to end game
Enter bomb position (x,y): 2 2

Boom
Range doubled! More bombs! More bombs! Range doubled! 
Displaying table:
X X X X X X X X X X 
X $ - + X X X X X X 
X - - & X X X X X X 
X - & $ X X X X X X 
X X X X X X X X X X 
X X X X X X X X X X 
X X X X X X X X X X 
X X X X X X X X X X 
X X X X X X X X X X 
X X X X X X X X X X 

Player name: johnAbo
SCORE: 23.959984
LIVES: 3
BOMBS: 4
LEVEL: 2

Enter any non-integer to end game
Enter bomb position (x,y): 5 5

Boom
More bombs! Range doubled! Range doubled! More bombs! Range doubled! Range doubled! More bombs! More bombs! More bombs! 
Exit found

	WIN

Displaying table:
X X X X X X X X X X 
X $ - + + + & - - * 
X - - & - $ $ - + & 
X - & $ - + - + $ - 
X + $ + & + + - - + 
X + + + + - + - $ - 
X + + - $ + - $ $ + 
X - - - + + + - + - 
X - - & + - - + - + 
X - - - & - + - - $ 
FINAL SCORE: 112.859930 
How many top scores would you like to see?
(Enter 0 if you do not want to see): 6
Place 1: 445.35 JohnA   5
 Place 2: 391.91 JohnA   3
 Place 3: 390.70 John   5

 Place 4: 238.00 johnA   4
 Place 5: 170.00     j   4
 Place 6: 162.00 johnA   5
 ]0;~/CPSC355/ProjectPart1
[32mabojo@ROYPC [33m~/CPSC355/ProjectPart1[0m
$ ./game.o johnAbo 10 10[1P020
How many top scores would you like to see?
(Enter 0 if you do not want to see): 10
Place 1: 445.35 JohnA   5
 Place 2: 391.91 JohnA   3
 Place 3: 390.70 John   5

 Place 4: 238.00 johnA   4
 Place 5: 170.00     j   4
 Place 6: 162.00 johnA   5
 Place 7: 156.00 johnA   3
 Place 8: 153.00  john   4
 Place 9: 112.86 johnA   3
 Place 10: 30.18 JohnA   2

 
	Creating random Board... 

There are 42.500000 percent negatives

Displaying table:
 -0.19  -9.79  25.00   1.72  -0.63  25.00  13.96  -0.62   2.26  -3.71 
-10.84 -11.31  25.00   8.01  -9.01   0.97 -11.39   0.00  -6.82  -7.45 
  7.40   2.15 -11.14  -4.08 -13.74  25.00  -0.40  12.06  10.27  -3.71 
 -5.95  -8.68  -1.62  25.00  -8.12   0.00  25.00  13.88  25.00  25.00 
 14.43  -3.94  13.98  -8.01  -2.55  -0.56   0.00   6.92 -10.39   5.53 
 -8.08  -7.73  -9.07   3.64  25.00  12.69  -7.14   2.17  25.00  14.11 
  8.89  25.00   9.83 -11.38  -2.63   4.34   0.28  12.14  14.80  -4.88 
 -0.37   6.74  25.00  11.78   0.00  -1.78   5.25  13.08  -0.53  11.17 
  7.39  -9.76  12.19 -11.14   9.57   0.00  -6.70   0.00  -4.35 -14.48 
  6.72  10.20  -3.38  12.06 -12.48  -2.57   9.47 -14.95  -7.88   0.00 
  0.00   0.00  -2.01   0.00  25.00   4.86  -1.95  -3.49 -10.45  25.00 
  5.61  25.00   6.30  -2.81   9.38  -6.18  25.00   0.00  -1.86   3.36 
 12.55  25.00  -9.86  -2.07   0.00  25.00   0.00  25.00   0.00  -0.68 
 25.00  25.00  -4.93  -4.19  11.78 -14.35 -11.65  -9.48  10.71  -1.01 
 -0.57 -13.80   7.29   0.77  20.00  -9.06  25.00  -4.90  -2.54   4.91 
 25.00  -1.22  14.99  25.00   9.46  -7.31 -12.75  -3.78  25.00  25.00 
-14.71  -1.77   2.26   0.00 -12.99   4.57 -14.26   0.00   8.79  -2.78 
 25.00  25.00   0.00  25.00 -10.90   2.31  12.56   7.47  25.00   6.01 
 -2.24   6.34  -2.94   1.57  -5.34   6.68  -7.77  25.00   6.98   2.24 
 -2.39   0.00  25.00   9.41 -11.03 -14.58  25.00  -4.71  13.45   5.84 

Displaying table:
X X X X X X X X X X 
X X X X X X X X X X 
X X X X X X X X X X 
X X X X X X X X X X 
X X X X X X X X X X 
X X X X X X X X X X 
X X X X X X X X X X 
X X X X X X X X X X 
X X X X X X X X X X 
X X X X X X X X X X 
X X X X X X X X X X 
X X X X X X X X X X 
X X X X X X X X X X 
X X X X X X X X X X 
X X X X X X X X X X 
X X X X X X X X X X 
X X X X X X X X X X 
X X X X X X X X X X 
X X X X X X X X X X 
X X X X X X X X X X 

Player name: johnAbo
SCORE: 0.000000
LIVES: 3
BOMBS: 3
LEVEL: 1

Enter any non-integer to end game
Enter bomb position (x,y): 5 5

Boom
Range doubled! More bombs! 
Displaying table:
X X X X X X X X X X 
X X X X X X X X X X 
X X X X X X X X X X 
X X X X X X X X X X 
X X X X - - $ X X X 
X X X X & + - X X X 
X X X X - + + X X X 
X X X X X X X X X X 
X X X X X X X X X X 
X X X X X X X X X X 
X X X X X X X X X X 
X X X X X X X X X X 
X X X X X X X X X X 
X X X X X X X X X X 
X X X X X X X X X X 
X X X X X X X X X X 
X X X X X X X X X X 
X X X X X X X X X X 
X X X X X X X X X X 
X X X X X X X X X X 

Player name: johnAbo
SCORE: 29.429993
LIVES: 3
BOMBS: 3
LEVEL: 2

Enter any non-integer to end game
Enter bomb position (x,y): 1 5 15

Boom
More bombs! More bombs! Range doubled! Range doubled! More bombs! 
Exit found

	WIN

Displaying table:
X X X X X X X X X X 
X X X X X X X X X X 
X X X X X X X X X X 
X X X X X X X X X X 
X X X X - - $ X X X 
X X X X & + - X X X 
X X X X - + + X X X 
X X X X X X X X X X 
X X X X X X X X X X 
X X X X X X X X X X 
X X X X X X X X X X 
X X X X X X X X X X 
X X X X X X X X X X 
X X X - + - - - X X 
X X X + * - & - X X 
X X X & + - - - X X 
X X X $ - + - $ X X 
X X X & - + + + X X 
X X X X X X X X X X 
X X X X X X X X X X 
FINAL SCORE: 57.729989 
How many top scores would you like to see?
(Enter 0 if you do not want to see): 0
]0;~/CPSC355/ProjectPart1
[32mabojo@ROYPC [33m~/CPSC355/ProjectPart1[0m
$ ./game.o johnAbo 10 20[1P010[1P[1@2
How many top scores would you like to see?
(Enter 0 if you do not want to see): 99
Place 1: 445.35 JohnA   5
 Place 2: 391.91 JohnA   3
 Place 3: 390.70 John   5

 Place 4: 238.00 johnA   4
 Place 5: 170.00     j   4
 Place 6: 162.00 johnA   5
 Place 7: 156.00 johnA   3
 Place 8: 153.00  john   4
 Place 9: 112.86 johnA   3
 Place 10: 57.73 johnA   3

 Place 11: 30.18 JohnA   2

 
	Creating random Board... 

There are 38.500000 percent negatives

Displaying table:
-13.29 -11.52   1.99  14.90  -4.39   1.28  -8.29  25.00   7.83   4.57   0.91  -5.84   0.00 -13.90 -11.55   3.39   0.00   4.12  -9.64  25.00 
-10.38   0.00  -3.68   6.19  -9.27   9.95  11.34  -6.81  25.00  -6.92  25.00   0.00   4.74  -7.58   0.00  25.00  25.00  -5.41 -10.56   8.92 
  0.00  25.00   0.00 -14.26  25.00  25.00 -13.91   0.00  -0.29  11.69   0.57   0.00   1.73  13.52   0.00  25.00   3.63  25.00  -8.27   3.99 
-14.75  -3.77  13.76  13.12 -14.50  10.25   0.48  -6.90  25.00 -13.32   1.07  -1.90   2.19  -6.38  25.00  -7.72   0.00  25.00   3.93  -7.49 
-13.80   0.00  -3.62   0.00  -9.85   4.48  10.73   0.00  25.00 -10.84  -1.24  -6.37  13.01   1.58  -3.47  25.00   0.00 -14.59 -11.52  -8.06 
 25.00   4.12  -0.30  -2.58   0.00  -7.24  -6.32  25.00   2.34  -5.72   4.84   1.79   3.55   9.54   9.69   0.00   4.43  14.28  -4.93   0.00 
 13.72  -8.67   5.43  -0.50 -14.06  25.00   0.00  13.94  25.00  -8.84  -5.84 -14.57   0.48  -0.29  -2.05  -3.16 -11.18  -0.47  -2.97  10.72 
  0.28  13.65 -10.67  -8.92  -0.70   6.39  -5.79   0.00  -9.85   2.35   9.66  -9.84  25.00 -10.10  -7.72   4.50   0.00 -12.60   0.00  25.00 
  7.36 -10.71  25.00 -13.23   8.52  25.00  25.00  -0.20   0.00   9.52  -1.49  25.00   7.67 -14.72  11.83   0.00  12.44 -13.29  -5.18   4.88 
 -2.92  13.58   0.00   6.75  12.54   0.00   0.00   1.92   0.72 -12.01 -11.08   3.30   4.89   8.84  -3.22  25.00   0.00   8.19  20.00  13.43 

Displaying table:
X X X X X X X X X X X X X X X X X X X X 
X X X X X X X X X X X X X X X X X X X X 
X X X X X X X X X X X X X X X X X X X X 
X X X X X X X X X X X X X X X X X X X X 
X X X X X X X X X X X X X X X X X X X X 
X X X X X X X X X X X X X X X X X X X X 
X X X X X X X X X X X X X X X X X X X X 
X X X X X X X X X X X X X X X X X X X X 
X X X X X X X X X X X X X X X X X X X X 
X X X X X X X X X X X X X X X X X X X X 

Player name: johnAbo
SCORE: 0.000000
LIVES: 3
BOMBS: 3
LEVEL: 1

Enter any non-integer to end game
Enter bomb position (x,y): 5 5

Boom
Range doubled! More bombs! Range doubled! 
Displaying table:
X X X X X X X X X X X X X X X X X X X X 
X X X X X X X X X X X X X X X X X X X X 
X X X X X X X X X X X X X X X X X X X X 
X X X X X X X X X X X X X X X X X X X X 
X X X X - + + X X X X X X X X X X X X X 
X X X X $ - - X X X X X X X X X X X X X 
X X X X - & $ X X X X X X X X X X X X X 
X X X X X X X X X X X X X X X X X X X X 
X X X X X X X X X X X X X X X X X X X X 
X X X X X X X X X X X X X X X X X X X X 

Player name: johnAbo
SCORE: 2.739997
LIVES: 3
BOMBS: 3
LEVEL: 2

Enter any non-integer to end game
Enter bomb position (x,y): 15 5

Boom
Range doubled! Range doubled! More bombs! More bombs! Range doubled! Range doubled! More bombs! More bombs! More bombs! More bombs! More bombs! More bombs! More bombs! More bombs! More bombs! 
Exit found

	WIN

Displaying table:
X X X X X X X X X X X X X X X X X X X X 
X X X X X X X X X X X $ + - $ & & - - + 
X X X X X X X X X X X $ + + $ & + & - + 
X X X X X X X X X X X - + - & - $ & + - 
X X X X - + + X X X X - + + - & $ - - - 
X X X X $ - - X X X X + + + + $ + + - $ 
X X X X - & $ X X X X - + - - - - - - + 
X X X X X X X X X X X - & - - + $ - $ & 
X X X X X X X X X X X & + - + $ + - - + 
X X X X X X X X X X X + + + - & $ + * + 
FINAL SCORE: 273.820117 
How many top scores would you like to see?
(Enter 0 if you do not want to see): 0
]0;~/CPSC355/ProjectPart1
[32mabojo@ROYPC [33m~/CPSC355/ProjectPart1[0m
$ ./game.o johnAbo 20 10[1P[1@1
How many top scores would you like to see?
(Enter 0 if you do not want to see): 10 a
Place 1: 445.35 JohnA   5
 Place 2: 391.91 JohnA   3
 Place 3: 390.70 John   5

 Place 4: 273.82 johnA   3
 Place 5: 238.00 johnA   4
 Place 6: 170.00     j   4
 Place 7: 162.00 johnA   5
 Place 8: 156.00 johnA   3
 Place 9: 153.00  john   4
 Place 10: 112.86 johnA   3
 
	Creating random Board... 

There are 39.000000 percent negatives

Displaying table:
 -3.39   0.00   0.00 -12.72   0.00  -2.82   3.58  -7.24  25.00   0.00 
 -3.66  20.00   8.31 -12.20   2.56  -3.02  12.33 -12.37  25.00  -3.50 
  5.54   0.00   3.65  -3.56   3.60   0.00   7.66  14.03  -4.49   6.03 
  1.88 -10.20   3.84 -12.34   9.42  -7.99   7.81  25.00 -10.95  -1.62 
 12.64   6.80  -0.84   0.00  -3.56  -5.70   0.00  -5.48  25.00   0.00 
  4.50  -2.14  -3.25   0.00 -10.53  25.00   5.81  25.00  -1.11 -11.43 
 25.00  14.31  25.00  -3.11  13.49 -10.01  -4.99  -6.76  -2.53   0.00 
  7.21  12.73   0.00   6.60  -5.39   9.60   3.41  25.00   0.00 -14.96 
  0.66   6.12  -5.46 -10.40  -6.55 -13.92   0.00  -4.32   3.82  14.61 
  0.00   1.32  14.32  14.16   5.86 -12.22   1.84  25.00 -14.53   1.70 

Displaying table:
X X X X X X X X X X 
X X X X X X X X X X 
X X X X X X X X X X 
X X X X X X X X X X 
X X X X X X X X X X 
X X X X X X X X X X 
X X X X X X X X X X 
X X X X X X X X X X 
X X X X X X X X X X 
X X X X X X X X X X 

Player name: johnAbo
SCORE: 0.000000
LIVES: 3
BOMBS: 3
LEVEL: 1

Enter any non-integer to end game
Enter bomb position (x,y): 
Invalid input 

	Fare well
]0;~/CPSC355/ProjectPart1
[32mabojo@ROYPC [33m~/CPSC355/ProjectPart1[0m
$ ./game.o johnAbo 10 10
How many top scores would you like to see?
(Enter 0 if you do not want to see): 1
Place 1: 445.35 JohnA   5
 
	Creating random Board... 

There are 48.000000 percent negatives

Displaying table:
 12.13 -14.01  -0.88  11.82  25.00  -6.90  25.00   1.34   0.00 -10.86 
-10.28   3.99  25.00 -13.04 -11.90  -0.86   7.20  -8.49  25.00  -7.29 
 -3.01  -2.57   3.47  12.18  -3.67  -1.57  25.00  13.37  -6.84   0.00 
  4.20  13.93   0.48  13.31  25.00  -0.44  -5.52  -2.07  -1.31   0.00 
  0.00  -1.97  -4.01   0.00  -6.19  12.19   9.79   0.00  -7.42   8.89 
 -7.54   1.44 -11.08  -7.16   8.11 -11.86   0.00  -7.90 -14.48  -4.86 
-11.54 -11.37  25.00  -9.91   1.61 -14.12  20.00 -12.89  -3.87  13.80 
 12.61   0.00   4.93 -12.62  -5.19   3.78  12.45   2.21  -6.79  25.00 
 -7.64  10.23  25.00 -10.89  13.67  14.18   1.06  -0.20  -3.46  25.00 
 25.00   0.00  -4.13   7.98 -14.15   8.92   6.26   7.46  -8.73 -13.70 

Displaying table:
X X X X X X X X X X 
X X X X X X X X X X 
X X X X X X X X X X 
X X X X X X X X X X 
X X X X X X X X X X 
X X X X X X X X X X 
X X X X X X X X X X 
X X X X X X X X X X 
X X X X X X X X X X 
X X X X X X X X X X 

Player name: johnAbo
SCORE: 0.000000
LIVES: 3
BOMBS: 3
LEVEL: 1

Enter any non-integer to end game
Enter bomb position (x,y): a aasd 

Invalid input 

	Fare well
]0;~/CPSC355/ProjectPart1
[32mabojo@ROYPC [33m~/CPSC355/ProjectPart1[0m
$ end
bash: end: command not found
]0;~/CPSC355/ProjectPart1
[32mabojo@ROYPC [33m~/CPSC355/ProjectPart1[0m
$ exit
exit

Script done on 2020-10-20 22:45:34-06:00 [COMMAND_EXIT_CODE="127"]
